%s:5 PhanCompatibleConstructorPropertyPromotion Cannot use constructor property promotion before php 8.0 for private ?\MissingClass $other = null of \ConstructorPromotion21::__construct(int $value, ?\MissingClass $other = null)
%s:5 PhanCompatibleConstructorPropertyPromotion Cannot use constructor property promotion before php 8.0 for public int $value of \ConstructorPromotion21::__construct(int $value, ?\MissingClass $other = null)
%s:5 PhanDeprecatedImplicitNullableParam Implicit nullable parameters (\MissingClass $other = null) have been deprecated in PHP 8.4
%s:5 PhanUndeclaredTypeParameter Parameter $other has undeclared type ?\MissingClass
%s:5 PhanUndeclaredTypeProperty Property \ConstructorPromotion21->other has undeclared type ?\MissingClass
%s:5 PhanWriteOnlyPrivateProperty Possibly zero read references to private property \ConstructorPromotion21->other
%s:7 PhanTypeArraySuspicious Suspicious array access to $value of type int
%s:10 PhanTypeMismatchArgumentReal Argument 1 ($value) is 'invalid' of type 'invalid' but \ConstructorPromotion21::__construct() takes int defined at %s:4
%s:11 PhanTypeMismatchArgumentInternal Argument 1 ($string) is $x->value of type int but \strlen() takes string
%s:13 PhanUnreferencedClass Possibly zero references to class \DuplicatePromotedProperty
%s:14 PhanCompatibleTypedProperty Cannot use typed properties before php 7.4. This property group has type int
%s:14 PhanUnreferencedPublicProperty Possibly zero references to public property \DuplicatePromotedProperty->value
%s:17 PhanRedefineProperty Property $value defined at %s:17 was previously defined at %s:14
