%s:22 PhanDeprecatedImplicitNullableParam Implicit nullable parameters (\ParentC $realParent = null) have been deprecated in PHP 8.4
%s:55 PhanTypeMismatchArgumentReal Argument 1 ($realParent) is new stdClass() of type \stdClass but \SubC::setRealParentNoDoc() takes \ParentC defined at %s:27
%s:57 PhanTypeMismatchArgumentReal Argument 1 ($realParent) is null of type null but \SubC::setRealParent() takes \ParentC defined at %s:13
%s:60 PhanTypeMismatchArgumentReal Argument 1 ($realParent) is new stdClass() of type \stdClass but \SubC::setRealParent2() takes ?\ParentC defined at %s:22
%s:61 PhanTypeMismatchArgumentProbablyReal Argument 1 ($realParentArr) is new ParentC() of type \ParentC but \SubC::setRealParentArr() takes \ParentC[] (no real type) defined at %s:36 (the inferred real argument type has nothing in common with the parameter's phpdoc type)
%s:64 PhanTypeMismatchArgument Argument 1 ($realParentArr) is [new stdClass()] of type array{0:\stdClass} but \SubC::setRealParentArr() takes \ParentC[] defined at %s:36
%s:65 PhanTypeMismatchArgument Argument 1 ($realParentArr) is [] of type array{} but \SubC::setParentArrShape() takes array{p:\ParentC} defined at %s:44
%s:67 PhanTypeMismatchArgument Argument 1 ($realParentArr) is ['p'=>new stdClass()] of type array{p:\stdClass} but \SubC::setParentArrShape() takes array{p:\ParentC} defined at %s:44
