%s:7 PhanTypeInvalidUnaryOperandIncOrDec Invalid operator: unary operand of ++(expr) is object (expected int or string or float)
%s:8 PhanTypeMismatchArgumentInternal Argument 1 ($string) is $x of type object but \strlen() takes string
%s:9 PhanTypeInvalidUnaryOperandIncOrDec Invalid operator: unary operand of --(expr) is array (expected int or string or float)
%s:10 PhanTypeMismatchArgumentInternal Argument 1 ($string) is $y of type array but \strlen() takes string
%s:11 PhanTypeInvalidUnaryOperandIncOrDec Invalid operator: unary operand of ++(expr) is iterable (expected int or string or float)
%s:12 PhanTypeMismatchArgumentInternal Argument 1 ($string) is $it of type iterable but \strlen() takes string
%s:13 PhanTypeInvalidUnaryOperandIncOrDec Invalid operator: unary operand of (expr)++ is resource (expected int or string or float)
%s:14 PhanTypeMismatchArgumentInternal Argument 1 ($string) is $r of type resource but \strlen() takes string
%s:16 PhanTypeInvalidUnaryOperandIncOrDec Invalid operator: unary operand of (expr)++ is null (expected int or string or float)
%s:17 PhanTypeMismatchArgumentInternal Argument 1 ($string) is $null of type int but \strlen() takes string
%s:19 PhanTypeInvalidUnaryOperandIncOrDec Invalid operator: unary operand of ++(expr) is false (expected int or string or float)
%s:20 PhanTypeMismatchArgumentInternal Argument 1 ($string) is $false of type false but \strlen() takes string
%s:22 PhanTypeInvalidUnaryOperandIncOrDec Invalid operator: unary operand of ++(expr) is true (expected int or string or float)
%s:23 PhanTypeMismatchArgumentInternal Argument 1 ($string) is $true of type true but \strlen() takes string
%s:25 PhanTypeInvalidUnaryOperandIncOrDec Invalid operator: unary operand of ++(expr) is bool (expected int or string or float)
%s:26 PhanTypeMismatchArgumentInternal Argument 1 ($string) is $bool of type bool but \strlen() takes string
%s:27 PhanTypeInvalidUnaryOperandIncOrDec Invalid operator: unary operand of (expr)-- is ?\stdClass (expected int or string or float)
%s:28 PhanTypeMismatchArgumentInternal Argument 1 ($string) is $s of type \stdClass|int but \strlen() takes string
%s:31 PhanTypeMismatchArgumentInternal Argument 1 ($string) is $v of type 3 but \strlen() takes string
%s:36 PhanDeprecatedImplicitNullableParam Implicit nullable parameters (\stdClass $s = null) have been deprecated in PHP 8.4
%s:36 PhanDeprecatedImplicitNullableParam Implicit nullable parameters (\stdClass $s2 = null) have been deprecated in PHP 8.4
%s:37 PhanTypeInvalidUnaryOperandIncOrDec Invalid operator: unary operand of ++(expr) is object (expected int or string or float)
%s:37 PhanTypeMismatchArgumentInternal Argument 1 ($string) is ++$x of type object but \strlen() takes string
%s:38 PhanTypeInvalidUnaryOperandIncOrDec Invalid operator: unary operand of --(expr) is array (expected int or string or float)
%s:38 PhanTypeMismatchArgumentInternal Argument 1 ($string) is --$y of type array but \strlen() takes string
%s:39 PhanTypeInvalidUnaryOperandIncOrDec Invalid operator: unary operand of ++(expr) is iterable (expected int or string or float)
%s:39 PhanTypeMismatchArgumentInternal Argument 1 ($string) is ++$it of type iterable but \strlen() takes string
%s:40 PhanTypeInvalidUnaryOperandIncOrDec Invalid operator: unary operand of ++(expr) is resource (expected int or string or float)
%s:40 PhanTypeMismatchArgumentInternal Argument 1 ($string) is ++$r of type resource but \strlen() takes string
%s:42 PhanTypeInvalidUnaryOperandIncOrDec Invalid operator: unary operand of (expr)++ is null (expected int or string or float)
%s:42 PhanTypeMismatchArgumentInternal%SReal Argument 1 ($string) is $null++ of type null but \strlen() takes string
%s:44 PhanTypeInvalidUnaryOperandIncOrDec Invalid operator: unary operand of ++(expr) is null (expected int or string or float)
%s:44 PhanTypeMismatchArgumentInternal Argument 1 ($string) is ++$null of type int but \strlen() takes string
%s:46 PhanTypeInvalidUnaryOperandIncOrDec Invalid operator: unary operand of ++(expr) is false (expected int or string or float)
%s:46 PhanTypeMismatchArgumentInternal Argument 1 ($string) is ++$false of type false but \strlen() takes string
%s:48 PhanTypeInvalidUnaryOperandIncOrDec Invalid operator: unary operand of ++(expr) is true (expected int or string or float)
%s:48 PhanTypeMismatchArgumentInternal Argument 1 ($string) is ++$true of type true but \strlen() takes string
%s:50 PhanTypeInvalidUnaryOperandIncOrDec Invalid operator: unary operand of --(expr) is bool (expected int or string or float)
%s:50 PhanTypeMismatchArgumentInternal Argument 1 ($string) is --$bool of type bool but \strlen() takes string
%s:51 PhanTypeInvalidUnaryOperandIncOrDec Invalid operator: unary operand of --(expr) is ?\stdClass (expected int or string or float)
%s:51 PhanTypeMismatchArgumentInternal Argument 1 ($string) is --$s of type \stdClass|int but \strlen() takes string
%s:52 PhanTypeInvalidUnaryOperandIncOrDec Invalid operator: unary operand of (expr)-- is ?\stdClass (expected int or string or float)
%s:52 PhanTypeMismatchArgumentInternal%SReal Argument 1 ($string) is $s2-- of type ?\stdClass but \strlen() takes string
%s:54 PhanTypeMismatchArgumentInternal Argument 1 ($string) is ++$v of type int but \strlen() takes string
%s:56 PhanTypeMismatchArgumentInternal Argument 1 ($string) is $v++ of type int but \strlen() takes string
%s:58 PhanTypeMismatchArgumentInternal Argument 1 ($string) is ++$f of type float but \strlen() takes string
%s:61 PhanTypeMismatchArgumentInternal Argument 1 ($string) is $f of type 4.25 but \strlen() takes string
