%s:3 PhanCompatibleNullableTypePHP70 Nullable type '?int' is not compatible with PHP 7.0
%s:5 PhanCompatibleNullableTypePHP70 Nullable type '?int' is not compatible with PHP 7.0
%s:7 PhanDeprecatedImplicitNullableParam Implicit nullable parameters (int $x = null) have been deprecated in PHP 8.4
%s:9 PhanCompatibleNullableTypePHP70 Nullable type '?int' is not compatible with PHP 7.0
%s:17 PhanCompatibleNullableTypePHP70 Nullable type '?int' is not compatible with PHP 7.0
