src_copy/009_implicit_nullable.php:6 PhanDeprecatedImplicitNullableParam Implicit nullable parameters (array $y = null) have been deprecated in PHP 8.4
src_copy/009_implicit_nullable.php:6 PhanDeprecatedImplicitNullableParam Implicit nullable parameters (int $x = null) have been deprecated in PHP 8.4
src_copy/009_implicit_nullable.php:6 PhanPluginCanUseNullableParamType Can use ?int as the type of parameter $z of test
src_copy/009_implicit_nullable.php:6 PhanPluginCanUsePHP71Void Can use php 7.1's void as a return type of test
src_copy/009_implicit_nullable.php:6 PhanUnreferencedFunction Possibly zero references to function \test()
src_copy/009_implicit_nullable.php:6 PhanUnusedGlobalFunctionParameter Parameter $x is never used
src_copy/009_implicit_nullable.php:6 PhanUnusedGlobalFunctionParameter Parameter $y is never used
src_copy/009_implicit_nullable.php:6 PhanUnusedGlobalFunctionParameter Parameter $z is never used
